src/components/AIChatBox.tsx(7,28): error TS2307: Cannot find module 'streamdown' or its corresponding type declarations.
src/components/AdminAnalytics.tsx(6,53): error TS2339: Property 'getAnalytics' does not exist on type 'DecorateRouterRecord<{ ctx: { req: Request<ParamsDictionary, any, any, ParsedQs, Record<string, any>>; res: Response<any, Record<string, any>>; }; meta: object; errorShape: DefaultErrorShape; transformer: true; }, DecorateCreateRouterOptions<...>>'.
src/components/AdminAnalyticsEnhanced.tsx(21,53): error TS2339: Property 'getAnalytics' does not exist on type 'DecorateRouterRecord<{ ctx: { req: Request<ParamsDictionary, any, any, ParsedQs, Record<string, any>>; res: Response<any, Record<string, any>>; }; meta: object; errorShape: DefaultErrorShape; transformer: true; }, DecorateCreateRouterOptions<...>>'.
src/components/AdminAnalyticsEnhanced.tsx(60,58): error TS7006: Parameter 't' implicitly has an 'any' type.
src/components/AdminAnalyticsEnhanced.tsx(61,55): error TS7006: Parameter 't' implicitly has an 'any' type.
src/components/AdminMessaging.tsx(14,44): error TS2339: Property 'getAllMessages' does not exist on type 'DecorateRouterRecord<{ ctx: { req: Request<ParamsDictionary, any, any, ParsedQs, Record<string, any>>; res: Response<any, Record<string, any>>; }; meta: object; errorShape: DefaultErrorShape; transformer: true; }, DecorateCreateRouterOptions<...>>'.
src/components/AdminMessaging.tsx(15,44): error TS2339: Property 'sendBroadcastMessage' does not exist on type 'DecorateRouterRecord<{ ctx: { req: Request<ParamsDictionary, any, any, ParsedQs, Record<string, any>>; res: Response<any, Record<string, any>>; }; meta: object; errorShape: DefaultErrorShape; transformer: true; }, DecorateCreateRouterOptions<...>>'.
src/components/AdminOverview.tsx(6,49): error TS2339: Property 'getDashboardStats' does not exist on type 'DecorateRouterRecord<{ ctx: { req: Request<ParamsDictionary, any, any, ParsedQs, Record<string, any>>; res: Response<any, Record<string, any>>; }; meta: object; errorShape: DefaultErrorShape; transformer: true; }, DecorateCreateRouterOptions<...>>'.
src/components/AdminOverview.tsx(7,47): error TS2339: Property 'getRecentActivity' does not exist on type 'DecorateRouterRecord<{ ctx: { req: Request<ParamsDictionary, any, any, ParsedQs, Record<string, any>>; res: Response<any, Record<string, any>>; }; meta: object; errorShape: DefaultErrorShape; transformer: true; }, DecorateCreateRouterOptions<...>>'.
src/components/AdminTeacherPayments.tsx(11,41): error TS2339: Property 'getAllTeachers' does not exist on type 'DecorateRouterRecord<{ ctx: { req: Request<ParamsDictionary, any, any, ParsedQs, Record<string, any>>; res: Response<any, Record<string, any>>; }; meta: object; errorShape: DefaultErrorShape; transformer: true; }, DecorateCreateRouterOptions<...>>'.
src/components/AdminTeacherPayments.tsx(12,67): error TS2339: Property 'getTeacherPayments' does not exist on type 'DecorateRouterRecord<{ ctx: { req: Request<ParamsDictionary, any, any, ParsedQs, Record<string, any>>; res: Response<any, Record<string, any>>; }; meta: object; errorShape: DefaultErrorShape; transformer: true; }, DecorateCreateRouterOptions<...>>'.
src/components/AdminTeacherPayments.tsx(13,41): error TS2339: Property 'getTeacherSessions' does not exist on type 'DecorateRouterRecord<{ ctx: { req: Request<ParamsDictionary, any, any, ParsedQs, Record<string, any>>; res: Response<any, Record<string, any>>; }; meta: object; errorShape: DefaultErrorShape; transformer: true; }, DecorateCreateRouterOptions<...>>'.
src/components/AdminTeacherPayments.tsx(18,45): error TS2339: Property 'approvePayment' does not exist on type 'DecorateRouterRecord<{ ctx: { req: Request<ParamsDictionary, any, any, ParsedQs, Record<string, any>>; res: Response<any, Record<string, any>>; }; meta: object; errorShape: DefaultErrorShape; transformer: true; }, DecorateCreateRouterOptions<...>>'.
src/components/AdminTeacherPayments.tsx(22,45): error TS2339: Property 'processPayment' does not exist on type 'DecorateRouterRecord<{ ctx: { req: Request<ParamsDictionary, any, any, ParsedQs, Record<string, any>>; res: Response<any, Record<string, any>>; }; meta: object; errorShape: DefaultErrorShape; transformer: true; }, DecorateCreateRouterOptions<...>>'.
src/components/AdminTeacherPayments.tsx(26,47): error TS2339: Property 'calculateTeacherPayment' does not exist on type 'DecorateRouterRecord<{ ctx: { req: Request<ParamsDictionary, any, any, ParsedQs, Record<string, any>>; res: Response<any, Record<string, any>>; }; meta: object; errorShape: DefaultErrorShape; transformer: true; }, DecorateCreateRouterOptions<...>>'.
src/components/AdminUserManagement.tsx(16,58): error TS2339: Property 'getAllUsers' does not exist on type 'DecorateRouterRecord<{ ctx: { req: Request<ParamsDictionary, any, any, ParsedQs, Record<string, any>>; res: Response<any, Record<string, any>>; }; meta: object; errorShape: DefaultErrorShape; transformer: true; }, DecorateCreateRouterOptions<...>>'.
src/components/AdminUserManagement.tsx(21,41): error TS2339: Property 'deleteUser' does not exist on type 'DecorateRouterRecord<{ ctx: { req: Request<ParamsDictionary, any, any, ParsedQs, Record<string, any>>; res: Response<any, Record<string, any>>; }; meta: object; errorShape: DefaultErrorShape; transformer: true; }, DecorateCreateRouterOptions<...>>'.
src/components/AskQuestion.tsx(20,65): error TS2339: Property 'questions' does not exist on type 'CreateTRPCReactBase<BuiltRouter<{ ctx: { req: Request<ParamsDictionary, any, any, ParsedQs, Record<string, any>>; res: Response<any, Record<string, any>>; }; meta: object; errorShape: DefaultErrorShape; transformer: true; }, DecorateCreateRouterOptions<...>>, unknown> & DecorateRouterRecord<...>'.
src/components/AskQuestion.tsx(21,32): error TS2339: Property 'questions' does not exist on type 'CreateTRPCReactBase<BuiltRouter<{ ctx: { req: Request<ParamsDictionary, any, any, ParsedQs, Record<string, any>>; res: Response<any, Record<string, any>>; }; meta: object; errorShape: DefaultErrorShape; transformer: true; }, DecorateCreateRouterOptions<...>>, unknown> & DecorateRouterRecord<...>'.
src/components/AskQuestion.tsx(24,31): error TS2339: Property 'questions' does not exist on type 'CreateTRPCReactBase<BuiltRouter<{ ctx: { req: Request<ParamsDictionary, any, any, ParsedQs, Record<string, any>>; res: Response<any, Record<string, any>>; }; meta: object; errorShape: DefaultErrorShape; transformer: true; }, DecorateCreateRouterOptions<...>>, unknown> & DecorateRouterRecord<...>'.
src/components/AskQuestion.tsx(30,13): error TS2339: Property 'questions' does not exist on type 'TRPCContextPropsBase<BuiltRouter<{ ctx: { req: Request<ParamsDictionary, any, any, ParsedQs, Record<string, any>>; res: Response<any, Record<string, any>>; }; meta: object; errorShape: DefaultErrorShape; transformer: true; }, DecorateCreateRouterOptions<...>>, unknown> & { ...; } & DecorateRouter & { ...; }'.
src/components/AskQuestion.tsx(31,13): error TS2339: Property 'questions' does not exist on type 'TRPCContextPropsBase<BuiltRouter<{ ctx: { req: Request<ParamsDictionary, any, any, ParsedQs, Record<string, any>>; res: Response<any, Record<string, any>>; }; meta: object; errorShape: DefaultErrorShape; transformer: true; }, DecorateCreateRouterOptions<...>>, unknown> & { ...; } & DecorateRouter & { ...; }'.
src/components/AskQuestion.tsx(33,15): error TS7006: Parameter 'error' implicitly has an 'any' type.
src/components/AskQuestion.tsx(38,32): error TS2339: Property 'questions' does not exist on type 'CreateTRPCReactBase<BuiltRouter<{ ctx: { req: Request<ParamsDictionary, any, any, ParsedQs, Record<string, any>>; res: Response<any, Record<string, any>>; }; meta: object; errorShape: DefaultErrorShape; transformer: true; }, DecorateCreateRouterOptions<...>>, unknown> & DecorateRouterRecord<...>'.
src/components/AskQuestion.tsx(41,13): error TS2339: Property 'questions' does not exist on type 'TRPCContextPropsBase<BuiltRouter<{ ctx: { req: Request<ParamsDictionary, any, any, ParsedQs, Record<string, any>>; res: Response<any, Record<string, any>>; }; meta: object; errorShape: DefaultErrorShape; transformer: true; }, DecorateCreateRouterOptions<...>>, unknown> & { ...; } & DecorateRouter & { ...; }'.
src/components/AskQuestion.tsx(42,13): error TS2339: Property 'questions' does not exist on type 'TRPCContextPropsBase<BuiltRouter<{ ctx: { req: Request<ParamsDictionary, any, any, ParsedQs, Record<string, any>>; res: Response<any, Record<string, any>>; }; meta: object; errorShape: DefaultErrorShape; transformer: true; }, DecorateCreateRouterOptions<...>>, unknown> & { ...; } & DecorateRouter & { ...; }'.
src/components/AskQuestion.tsx(218,31): error TS7006: Parameter 'question' implicitly has an 'any' type.
src/components/ImpersonationAuditLog.tsx(12,57): error TS2339: Property 'getImpersonationLogs' does not exist on type 'DecorateRouterRecord<{ ctx: { req: Request<ParamsDictionary, any, any, ParsedQs, Record<string, any>>; res: Response<any, Record<string, any>>; }; meta: object; errorShape: DefaultErrorShape; transformer: true; }, DecorateCreateRouterOptions<...>>'.
src/components/ImpersonationAuditLog.tsx(144,30): error TS7006: Parameter 'log' implicitly has an 'any' type.
src/components/ImpersonationAuditLog.tsx(202,33): error TS7006: Parameter 'l' implicitly has an 'any' type.
src/components/ImpersonationAuditLog.tsx(208,33): error TS7006: Parameter 'l' implicitly has an 'any' type.
src/components/ImportantNotes.tsx(12,43): error TS2339: Property 'notes' does not exist on type 'CreateTRPCReactBase<BuiltRouter<{ ctx: { req: Request<ParamsDictionary, any, any, ParsedQs, Record<string, any>>; res: Response<any, Record<string, any>>; }; meta: object; errorShape: DefaultErrorShape; transformer: true; }, DecorateCreateRouterOptions<...>>, unknown> & DecorateRouterRecord<...>'.
src/components/ImportantNotes.tsx(70,42): error TS7006: Parameter 'n' implicitly has an 'any' type.
src/components/ImportantNotes.tsx(71,40): error TS7006: Parameter 'n' implicitly has an 'any' type.
src/components/ImportantNotes.tsx(72,39): error TS7006: Parameter 'n' implicitly has an 'any' type.
src/components/ImportantNotes.tsx(113,40): error TS7006: Parameter 'note' implicitly has an 'any' type.
src/components/ImportantNotes.tsx(153,38): error TS7006: Parameter 'note' implicitly has an 'any' type.
src/components/ImportantNotes.tsx(193,37): error TS7006: Parameter 'note' implicitly has an 'any' type.
src/components/ImportantNotes.tsx(235,36): error TS7006: Parameter 'note' implicitly has an 'any' type.
src/components/ImportantNotes.tsx(274,34): error TS7006: Parameter 'note' implicitly has an 'any' type.
src/components/ImportantNotes.tsx(312,33): error TS7006: Parameter 'note' implicitly has an 'any' type.
src/components/LessonsView.tsx(89,7): error TS2353: Object literal may only specify known properties, and 'completed' does not exist in type '{ lessonId: number; score: number; difficulty: "easy" | "medium" | "challenging"; }'.
src/components/LessonsView.tsx(123,73): error TS2339: Property 'videoId' does not exist on type '{ id: number; title: string; description: string; videoUrl: string; order: number; }'.
src/components/Map.tsx(77,23): error TS2688: Cannot find type definition file for '@types/google.maps'.
src/components/Map.tsx(85,21): error TS2304: Cannot find name 'google'.
src/components/Map.tsx(89,29): error TS2339: Property 'env' does not exist on type 'ImportMeta'.
src/components/Map.tsx(91,15): error TS2339: Property 'env' does not exist on type 'ImportMeta'.
src/components/Map.tsx(114,19): error TS2503: Cannot find namespace 'google'.
src/components/Map.tsx(116,22): error TS2503: Cannot find namespace 'google'.
src/components/Map.tsx(126,22): error TS2503: Cannot find namespace 'google'.
src/components/TeacherBankAccount.tsx(9,66): error TS2339: Property 'getBankAccount' does not exist on type 'DecorateRouterRecord<{ ctx: { req: Request<ParamsDictionary, any, any, ParsedQs, Record<string, any>>; res: Response<any, Record<string, any>>; }; meta: object; errorShape: DefaultErrorShape; transformer: true; }, DecorateCreateRouterOptions<...>>'.
src/components/TeacherBankAccount.tsx(10,39): error TS2339: Property 'submitBankAccount' does not exist on type 'DecorateRouterRecord<{ ctx: { req: Request<ParamsDictionary, any, any, ParsedQs, Record<string, any>>; res: Response<any, Record<string, any>>; }; meta: object; errorShape: DefaultErrorShape; transformer: true; }, DecorateCreateRouterOptions<...>>'.
src/components/enrollment/StandardTierEnrollmentForm.tsx(30,39): error TS2339: Property 'payments' does not exist on type 'CreateTRPCReactBase<BuiltRouter<{ ctx: { req: Request<ParamsDictionary, any, any, ParsedQs, Record<string, any>>; res: Response<any, Record<string, any>>; }; meta: object; errorShape: DefaultErrorShape; transformer: true; }, DecorateCreateRouterOptions<...>>, unknown> & DecorateRouterRecord<...>'.
src/components/enrollment/Year56EliteEnrollmentForm.tsx(29,39): error TS2339: Property 'payments' does not exist on type 'CreateTRPCReactBase<BuiltRouter<{ ctx: { req: Request<ParamsDictionary, any, any, ParsedQs, Record<string, any>>; res: Response<any, Record<string, any>>; }; meta: object; errorShape: DefaultErrorShape; transformer: true; }, DecorateCreateRouterOptions<...>>, unknown> & DecorateRouterRecord<...>'.
src/components/enrollment/Year7EliteEnrollmentForm.tsx(29,39): error TS2339: Property 'payments' does not exist on type 'CreateTRPCReactBase<BuiltRouter<{ ctx: { req: Request<ParamsDictionary, any, any, ParsedQs, Record<string, any>>; res: Response<any, Record<string, any>>; }; meta: object; errorShape: DefaultErrorShape; transformer: true; }, DecorateCreateRouterOptions<...>>, unknown> & DecorateRouterRecord<...>'.
src/components/enrollment/Year8EliteEnrollmentForm.tsx(29,39): error TS2339: Property 'payments' does not exist on type 'CreateTRPCReactBase<BuiltRouter<{ ctx: { req: Request<ParamsDictionary, any, any, ParsedQs, Record<string, any>>; res: Response<any, Record<string, any>>; }; meta: object; errorShape: DefaultErrorShape; transformer: true; }, DecorateCreateRouterOptions<...>>, unknown> & DecorateRouterRecord<...>'.
src/components/enrollment/Year9EliteEnrollmentForm.tsx(29,39): error TS2339: Property 'payments' does not exist on type 'CreateTRPCReactBase<BuiltRouter<{ ctx: { req: Request<ParamsDictionary, any, any, ParsedQs, Record<string, any>>; res: Response<any, Record<string, any>>; }; meta: object; errorShape: DefaultErrorShape; transformer: true; }, DecorateCreateRouterOptions<...>>, unknown> & DecorateRouterRecord<...>'.
src/components/parent/ParentAchievements.tsx(12,57): error TS2339: Property 'getChildAchievements' does not exist on type 'DecorateRouterRecord<{ ctx: { req: Request<ParamsDictionary, any, any, ParsedQs, Record<string, any>>; res: Response<any, Record<string, any>>; }; meta: object; errorShape: DefaultErrorShape; transformer: true; }, DecorateCreateRouterOptions<...>>'.
src/components/parent/ParentAchievements.tsx(46,30): error TS7006: Parameter 'achievement' implicitly has an 'any' type.
src/components/parent/ParentAssignments.tsx(14,56): error TS2339: Property 'getChildAssignments' does not exist on type 'DecorateRouterRecord<{ ctx: { req: Request<ParamsDictionary, any, any, ParsedQs, Record<string, any>>; res: Response<any, Record<string, any>>; }; meta: object; errorShape: DefaultErrorShape; transformer: true; }, DecorateCreateRouterOptions<...>>'.
src/components/parent/ParentAssignments.tsx(15,43): error TS2339: Property 'getChildQuestions' does not exist on type 'DecorateRouterRecord<{ ctx: { req: Request<ParamsDictionary, any, any, ParsedQs, Record<string, any>>; res: Response<any, Record<string, any>>; }; meta: object; errorShape: DefaultErrorShape; transformer: true; }, DecorateCreateRouterOptions<...>>'.
src/components/parent/ParentAssignments.tsx(66,33): error TS7006: Parameter 'assignment' implicitly has an 'any' type.
src/components/parent/ParentAssignments.tsx(124,43): error TS7006: Parameter 'question' implicitly has an 'any' type.
src/components/parent/ParentMessages.tsx(24,62): error TS2339: Property 'getMessages' does not exist on type 'DecorateRouterRecord<{ ctx: { req: Request<ParamsDictionary, any, any, ParsedQs, Record<string, any>>; res: Response<any, Record<string, any>>; }; meta: object; errorShape: DefaultErrorShape; transformer: true; }, DecorateCreateRouterOptions<...>>'.
src/components/parent/ParentMessages.tsx(25,35): error TS2339: Property 'sendMessageToTeacher' does not exist on type 'DecorateRouterRecord<{ ctx: { req: Request<ParamsDictionary, any, any, ParsedQs, Record<string, any>>; res: Response<any, Record<string, any>>; }; meta: object; errorShape: DefaultErrorShape; transformer: true; }, DecorateCreateRouterOptions<...>>'.
src/components/parent/ParentMessages.tsx(33,15): error TS7006: Parameter 'error' implicitly has an 'any' type.
src/components/parent/ParentMessages.tsx(38,32): error TS2339: Property 'markMessageRead' does not exist on type 'DecorateRouterRecord<{ ctx: { req: Request<ParamsDictionary, any, any, ParsedQs, Record<string, any>>; res: Response<any, Record<string, any>>; }; meta: object; errorShape: DefaultErrorShape; transformer: true; }, DecorateCreateRouterOptions<...>>'.
src/components/parent/ParentMessages.tsx(179,25): error TS7006: Parameter 'message' implicitly has an 'any' type.
src/components/parent/ParentOverview.tsx(16,70): error TS2339: Property 'getChildProgress' does not exist on type 'DecorateRouterRecord<{ ctx: { req: Request<ParamsDictionary, any, any, ParsedQs, Record<string, any>>; res: Response<any, Record<string, any>>; }; meta: object; errorShape: DefaultErrorShape; transformer: true; }, DecorateCreateRouterOptions<...>>'.
src/components/parent/ParentOverview.tsx(17,70): error TS2339: Property 'getChildActivity' does not exist on type 'DecorateRouterRecord<{ ctx: { req: Request<ParamsDictionary, any, any, ParsedQs, Record<string, any>>; res: Response<any, Record<string, any>>; }; meta: object; errorShape: DefaultErrorShape; transformer: true; }, DecorateCreateRouterOptions<...>>'.
src/components/parent/ParentOverview.tsx(18,42): error TS2339: Property 'getUpcomingSessions' does not exist on type 'DecorateRouterRecord<{ ctx: { req: Request<ParamsDictionary, any, any, ParsedQs, Record<string, any>>; res: Response<any, Record<string, any>>; }; meta: object; errorShape: DefaultErrorShape; transformer: true; }, DecorateCreateRouterOptions<...>>'.
src/components/parent/ParentOverview.tsx(201,32): error TS7006: Parameter 'item' implicitly has an 'any' type.
src/components/parent/ParentOverview.tsx(201,38): error TS7006: Parameter 'index' implicitly has an 'any' type.
src/components/parent/ParentProgress.tsx(12,53): error TS2339: Property 'getChildProgress' does not exist on type 'DecorateRouterRecord<{ ctx: { req: Request<ParamsDictionary, any, any, ParsedQs, Record<string, any>>; res: Response<any, Record<string, any>>; }; meta: object; errorShape: DefaultErrorShape; transformer: true; }, DecorateCreateRouterOptions<...>>'.
src/components/parent/ParentProgress.tsx(13,45): error TS2339: Property 'getChildAssignments' does not exist on type 'DecorateRouterRecord<{ ctx: { req: Request<ParamsDictionary, any, any, ParsedQs, Record<string, any>>; res: Response<any, Record<string, any>>; }; meta: object; errorShape: DefaultErrorShape; transformer: true; }, DecorateCreateRouterOptions<...>>'.
src/components/parent/ParentProgress.tsx(24,52): error TS7006: Parameter 'a' implicitly has an 'any' type.
src/components/parent/ParentProgress.tsx(26,46): error TS7006: Parameter 'assignment' implicitly has an 'any' type.
src/components/parent/ParentProgress.tsx(33,47): error TS7006: Parameter 'assignment' implicitly has an 'any' type.
src/components/parent/ParentProgress.tsx(33,59): error TS7006: Parameter 'index' implicitly has an 'any' type.
src/components/parent/ParentProgress.tsx(136,42): error TS7006: Parameter 'assignment' implicitly has an 'any' type.
src/components/parent/ParentSchedule.tsx(13,53): error TS2339: Property 'getUpcomingSessions' does not exist on type 'DecorateRouterRecord<{ ctx: { req: Request<ParamsDictionary, any, any, ParsedQs, Record<string, any>>; res: Response<any, Record<string, any>>; }; meta: object; errorShape: DefaultErrorShape; transformer: true; }, DecorateCreateRouterOptions<...>>'.
src/components/parent/ParentSchedule.tsx(32,26): error TS7006: Parameter 'session' implicitly has an 'any' type.
src/components/payments/EnrollmentPaymentForm.tsx(31,39): error TS2339: Property 'payments' does not exist on type 'CreateTRPCReactBase<BuiltRouter<{ ctx: { req: Request<ParamsDictionary, any, any, ParsedQs, Record<string, any>>; res: Response<any, Record<string, any>>; }; meta: object; errorShape: DefaultErrorShape; transformer: true; }, DecorateCreateRouterOptions<...>>, unknown> & DecorateRouterRecord<...>'.
src/components/payments/EnrollmentPaymentForm.tsx(32,42): error TS2339: Property 'payments' does not exist on type 'CreateTRPCReactBase<BuiltRouter<{ ctx: { req: Request<ParamsDictionary, any, any, ParsedQs, Record<string, any>>; res: Response<any, Record<string, any>>; }; meta: object; errorShape: DefaultErrorShape; transformer: true; }, DecorateCreateRouterOptions<...>>, unknown> & DecorateRouterRecord<...>'.
src/components/payments/PaymentHistory.tsx(19,10): error TS2339: Property 'payments' does not exist on type 'CreateTRPCReactBase<BuiltRouter<{ ctx: { req: Request<ParamsDictionary, any, any, ParsedQs, Record<string, any>>; res: Response<any, Record<string, any>>; }; meta: object; errorShape: DefaultErrorShape; transformer: true; }, DecorateCreateRouterOptions<...>>, unknown> & DecorateRouterRecord<...>'.
src/components/payments/PaymentHistory.tsx(23,10): error TS2339: Property 'payments' does not exist on type 'CreateTRPCReactBase<BuiltRouter<{ ctx: { req: Request<ParamsDictionary, any, any, ParsedQs, Record<string, any>>; res: Response<any, Record<string, any>>; }; meta: object; errorShape: DefaultErrorShape; transformer: true; }, DecorateCreateRouterOptions<...>>, unknown> & DecorateRouterRecord<...>'.
src/components/payments/PaymentHistory.tsx(26,40): error TS2339: Property 'payments' does not exist on type 'CreateTRPCReactBase<BuiltRouter<{ ctx: { req: Request<ParamsDictionary, any, any, ParsedQs, Record<string, any>>; res: Response<any, Record<string, any>>; }; meta: object; errorShape: DefaultErrorShape; transformer: true; }, DecorateCreateRouterOptions<...>>, unknown> & DecorateRouterRecord<...>'.
src/components/student/ZoomSessionsView.tsx(9,50): error TS2339: Property 'zoom' does not exist on type 'CreateTRPCReactBase<BuiltRouter<{ ctx: { req: Request<ParamsDictionary, any, any, ParsedQs, Record<string, any>>; res: Response<any, Record<string, any>>; }; meta: object; errorShape: DefaultErrorShape; transformer: true; }, DecorateCreateRouterOptions<...>>, unknown> & DecorateRouterRecord<...>'.
src/components/teacher/SessionSchedulingForm.tsx(29,35): error TS2339: Property 'zoom' does not exist on type 'CreateTRPCReactBase<BuiltRouter<{ ctx: { req: Request<ParamsDictionary, any, any, ParsedQs, Record<string, any>>; res: Response<any, Record<string, any>>; }; meta: object; errorShape: DefaultErrorShape; transformer: true; }, DecorateCreateRouterOptions<...>>, unknown> & DecorateRouterRecord<...>'.
src/components/teacher/SessionSchedulingForm.tsx(30,17): error TS7006: Parameter 'data' implicitly has an 'any' type.
src/components/teacher/SessionSchedulingForm.tsx(39,15): error TS7006: Parameter 'error' implicitly has an 'any' type.
src/components/teacher/TeacherAnalytics.tsx(6,55): error TS2339: Property 'getAnalytics' does not exist on type 'DecorateRouterRecord<{ ctx: { req: Request<ParamsDictionary, any, any, ParsedQs, Record<string, any>>; res: Response<any, Record<string, any>>; }; meta: object; errorShape: DefaultErrorShape; transformer: true; }, DecorateCreateRouterOptions<...>>'.
src/components/teacher/TeacherAssignments.tsx(16,57): error TS2339: Property 'getPendingAssignments' does not exist on type 'DecorateRouterRecord<{ ctx: { req: Request<ParamsDictionary, any, any, ParsedQs, Record<string, any>>; res: Response<any, Record<string, any>>; }; meta: object; errorShape: DefaultErrorShape; transformer: true; }, DecorateCreateRouterOptions<...>>'.
src/components/teacher/TeacherAssignments.tsx(19,40): error TS2339: Property 'gradeAssignment' does not exist on type 'DecorateRouterRecord<{ ctx: { req: Request<ParamsDictionary, any, any, ParsedQs, Record<string, any>>; res: Response<any, Record<string, any>>; }; meta: object; errorShape: DefaultErrorShape; transformer: true; }, DecorateCreateRouterOptions<...>>'.
src/components/teacher/TeacherAssignments.tsx(22,21): error TS2339: Property 'getPendingAssignments' does not exist on type 'DecorateRouter & {}'.
src/components/teacher/TeacherAssignments.tsx(27,15): error TS7006: Parameter 'error' implicitly has an 'any' type.
src/components/teacher/TeacherMessages.tsx(14,54): error TS2339: Property 'getMessages' does not exist on type 'DecorateRouterRecord<{ ctx: { req: Request<ParamsDictionary, any, any, ParsedQs, Record<string, any>>; res: Response<any, Record<string, any>>; }; meta: object; errorShape: DefaultErrorShape; transformer: true; }, DecorateCreateRouterOptions<...>>'.
src/components/teacher/TeacherMessages.tsx(17,36): error TS2339: Property 'sendMessage' does not exist on type 'DecorateRouterRecord<{ ctx: { req: Request<ParamsDictionary, any, any, ParsedQs, Record<string, any>>; res: Response<any, Record<string, any>>; }; meta: object; errorShape: DefaultErrorShape; transformer: true; }, DecorateCreateRouterOptions<...>>'.
src/components/teacher/TeacherMessages.tsx(20,21): error TS2339: Property 'getMessages' does not exist on type 'DecorateRouter & {}'.
src/components/teacher/TeacherMessages.tsx(23,15): error TS7006: Parameter 'error' implicitly has an 'any' type.
src/components/teacher/TeacherOverview.tsx(59,65): error TS2339: Property 'getDashboardStats' does not exist on type 'DecorateRouterRecord<{ ctx: { req: Request<ParamsDictionary, any, any, ParsedQs, Record<string, any>>; res: Response<any, Record<string, any>>; }; meta: object; errorShape: DefaultErrorShape; transformer: true; }, DecorateCreateRouterOptions<...>>'.
src/components/teacher/TeacherOverview.tsx(62,76): error TS2339: Property 'getTodaySessions' does not exist on type 'DecorateRouterRecord<{ ctx: { req: Request<ParamsDictionary, any, any, ParsedQs, Record<string, any>>; res: Response<any, Record<string, any>>; }; meta: object; errorShape: DefaultErrorShape; transformer: true; }, DecorateCreateRouterOptions<...>>'.
src/components/teacher/TeacherOverview.tsx(65,53): error TS2339: Property 'getPendingAssignments' does not exist on type 'DecorateRouterRecord<{ ctx: { req: Request<ParamsDictionary, any, any, ParsedQs, Record<string, any>>; res: Response<any, Record<string, any>>; }; meta: object; errorShape: DefaultErrorShape; transformer: true; }, DecorateCreateRouterOptions<...>>'.
src/components/teacher/TeacherOverview.tsx(156,42): error TS7006: Parameter 'session' implicitly has an 'any' type.
src/components/teacher/TeacherOverview.tsx(201,47): error TS7006: Parameter 'assignment' implicitly has an 'any' type.
src/components/teacher/TeacherSchedule.tsx(8,54): error TS2339: Property 'getUpcomingSessions' does not exist on type 'DecorateRouterRecord<{ ctx: { req: Request<ParamsDictionary, any, any, ParsedQs, Record<string, any>>; res: Response<any, Record<string, any>>; }; meta: object; errorShape: DefaultErrorShape; transformer: true; }, DecorateCreateRouterOptions<...>>'.
src/components/teacher/TeacherStudents.tsx(8,54): error TS2339: Property 'getAssignedStudents' does not exist on type 'DecorateRouterRecord<{ ctx: { req: Request<ParamsDictionary, any, any, ParsedQs, Record<string, any>>; res: Response<any, Record<string, any>>; }; meta: object; errorShape: DefaultErrorShape; transformer: true; }, DecorateCreateRouterOptions<...>>'.
src/components/teacher/ZoomSessionsList.tsx(13,59): error TS2339: Property 'zoom' does not exist on type 'CreateTRPCReactBase<BuiltRouter<{ ctx: { req: Request<ParamsDictionary, any, any, ParsedQs, Record<string, any>>; res: Response<any, Record<string, any>>; }; meta: object; errorShape: DefaultErrorShape; transformer: true; }, DecorateCreateRouterOptions<...>>, unknown> & DecorateRouterRecord<...>'.
src/components/teacher/ZoomSessionsList.tsx(16,27): error TS2339: Property 'zoom' does not exist on type 'CreateTRPCReactBase<BuiltRouter<{ ctx: { req: Request<ParamsDictionary, any, any, ParsedQs, Record<string, any>>; res: Response<any, Record<string, any>>; }; meta: object; errorShape: DefaultErrorShape; transformer: true; }, DecorateCreateRouterOptions<...>>, unknown> & DecorateRouterRecord<...>'.
src/components/teacher/ZoomSessionsList.tsx(21,15): error TS7006: Parameter 'error' implicitly has an 'any' type.
src/components/teacher/ZoomSessionsList.tsx(27,23): error TS2339: Property 'zoom' does not exist on type 'CreateTRPCReactBase<BuiltRouter<{ ctx: { req: Request<ParamsDictionary, any, any, ParsedQs, Record<string, any>>; res: Response<any, Record<string, any>>; }; meta: object; errorShape: DefaultErrorShape; transformer: true; }, DecorateCreateRouterOptions<...>>, unknown> & DecorateRouterRecord<...>'.
src/components/teacher/ZoomSessionsList.tsx(32,15): error TS7006: Parameter 'error' implicitly has an 'any' type.
src/components/ui/calendar.tsx(7,10): error TS2724: '"react-day-picker"' has no exported member named 'DayButton'. Did you mean 'Button'?
src/components/ui/calendar.tsx(7,32): error TS2305: Module '"react-day-picker"' has no exported member 'getDefaultClassNames'.
src/components/ui/calendar.tsx(16,3): error TS2322: Type '"label"' is not assignable to type 'CaptionLayout'.
src/components/ui/calendar.tsx(37,9): error TS2353: Object literal may only specify known properties, and 'formatMonthDropdown' does not exist in type 'Partial<Formatters>'.
src/components/ui/calendar.tsx(37,30): error TS7006: Parameter 'date' implicitly has an 'any' type.
src/components/ui/calendar.tsx(52,9): error TS2561: Object literal may only specify known properties, but 'button_previous' does not exist in type 'Partial<StyledElement<string>>'. Did you mean to write 'nav_button_previous'?
src/components/ui/calendar.tsx(80,11): error TS2367: This comparison appears to be unintentional because the types 'CaptionLayout' and '"label"' have no overlap.
src/components/ui/calendar.tsx(126,9): error TS2353: Object literal may only specify known properties, and 'Root' does not exist in type 'CustomComponents'.
src/components/ui/calendar.tsx(126,18): error TS7031: Binding element 'className' implicitly has an 'any' type.
src/components/ui/calendar.tsx(126,29): error TS7031: Binding element 'rootRef' implicitly has an 'any' type.
src/components/ui/calendar.tsx(136,21): error TS7031: Binding element 'className' implicitly has an 'any' type.
src/components/ui/calendar.tsx(136,32): error TS7031: Binding element 'orientation' implicitly has an 'any' type.
src/components/ui/calendar.tsx(157,24): error TS2339: Property 'children' does not exist on type 'WeekNumberProps'.
src/components/ui/form.tsx(14,8): error TS2307: Cannot find module 'react-hook-form' or its corresponding type declarations.
src/components/ui/input-otp.tsx(2,43): error TS2307: Cannot find module 'input-otp' or its corresponding type declarations.
src/components/ui/input-otp.tsx(45,61): error TS2339: Property 'slots' does not exist on type '{}'.
src/components/ui/sonner.tsx(1,26): error TS2307: Cannot find module 'next-themes' or its corresponding type declarations.
src/components/ui/toggle-group.tsx(4,39): error TS2307: Cannot find module '@radix-ui/react-toggle-group' or its corresponding type declarations.
src/components/ui/toggle.tsx(2,34): error TS2307: Cannot find module '@radix-ui/react-toggle' or its corresponding type declarations.
src/hooks/usePersistFn.ts(14,15): error TS2540: Cannot assign to 'current' because it is a read-only property.
src/pages/AdminTeachers.tsx(15,54): error TS2339: Property 'getAllTeachers' does not exist on type 'DecorateRouterRecord<{ ctx: { req: Request<ParamsDictionary, any, any, ParsedQs, Record<string, any>>; res: Response<any, Record<string, any>>; }; meta: object; errorShape: DefaultErrorShape; transformer: true; }, DecorateCreateRouterOptions<...>>'.
src/pages/AdminTeachers.tsx(19,40): error TS2339: Property 'approveTeacher' does not exist on type 'DecorateRouterRecord<{ ctx: { req: Request<ParamsDictionary, any, any, ParsedQs, Record<string, any>>; res: Response<any, Record<string, any>>; }; meta: object; errorShape: DefaultErrorShape; transformer: true; }, DecorateCreateRouterOptions<...>>'.
src/pages/AdminTeachers.tsx(22,21): error TS2339: Property 'getAllTeachers' does not exist on type 'DecorateRouter & {}'.
src/pages/AdminTeachers.tsx(24,15): error TS7006: Parameter 'error' implicitly has an 'any' type.
src/pages/AdminTeachers.tsx(29,39): error TS2339: Property 'rejectTeacher' does not exist on type 'DecorateRouterRecord<{ ctx: { req: Request<ParamsDictionary, any, any, ParsedQs, Record<string, any>>; res: Response<any, Record<string, any>>; }; meta: object; errorShape: DefaultErrorShape; transformer: true; }, DecorateCreateRouterOptions<...>>'.
src/pages/AdminTeachers.tsx(32,21): error TS2339: Property 'getAllTeachers' does not exist on type 'DecorateRouter & {}'.
src/pages/AdminTeachers.tsx(34,15): error TS7006: Parameter 'error' implicitly has an 'any' type.
src/pages/AdminTeachers.tsx(39,45): error TS2339: Property 'toggleTeacherStatus' does not exist on type 'DecorateRouterRecord<{ ctx: { req: Request<ParamsDictionary, any, any, ParsedQs, Record<string, any>>; res: Response<any, Record<string, any>>; }; meta: object; errorShape: DefaultErrorShape; transformer: true; }, DecorateCreateRouterOptions<...>>'.
src/pages/AdminTeachers.tsx(42,21): error TS2339: Property 'getAllTeachers' does not exist on type 'DecorateRouter & {}'.
src/pages/AdminTeachers.tsx(44,15): error TS7006: Parameter 'error' implicitly has an 'any' type.
src/pages/AdminTeachers.tsx(139,32): error TS7006: Parameter 'teacher' implicitly has an 'any' type.
src/pages/Enroll.tsx(41,42): error TS2339: Property 'createPublicCheckout' does not exist on type 'DecorateRouterRecord<{ ctx: { req: Request<ParamsDictionary, any, any, ParsedQs, Record<string, any>>; res: Response<any, Record<string, any>>; }; meta: object; errorShape: DefaultErrorShape; transformer: true; }, DecorateCreateRouterOptions<...>>'.
src/pages/Enroll.tsx(42,17): error TS7006: Parameter 'data' implicitly has an 'any' type.
src/pages/Enroll.tsx(46,15): error TS7006: Parameter 'error' implicitly has an 'any' type.
src/pages/Enrollment.tsx(40,56): error TS2339: Property 'getCourses' does not exist on type 'DecorateRouterRecord<{ ctx: { req: Request<ParamsDictionary, any, any, ParsedQs, Record<string, any>>; res: Response<any, Record<string, any>>; }; meta: object; errorShape: DefaultErrorShape; transformer: true; }, DecorateCreateRouterOptions<...>>'.
src/pages/Enrollment.tsx(41,44): error TS2339: Property 'createEnrollment' does not exist on type 'DecorateRouterRecord<{ ctx: { req: Request<ParamsDictionary, any, any, ParsedQs, Record<string, any>>; res: Response<any, Record<string, any>>; }; meta: object; errorShape: DefaultErrorShape; transformer: true; }, DecorateCreateRouterOptions<...>>'.
src/pages/Enrollment.tsx(48,15): error TS7006: Parameter 'error' implicitly has an 'any' type.
src/pages/Enrollment.tsx(97,45): error TS7006: Parameter 'c' implicitly has an 'any' type.
src/pages/Enrollment.tsx(128,28): error TS7006: Parameter 'course' implicitly has an 'any' type.
src/pages/EnrollmentForm.tsx(31,8): error TS2307: Cannot find module '../../../shared/pricing' or its corresponding type declarations.
src/pages/EnrollmentSuccess.tsx(18,59): error TS2551: Property 'getEnrollmentBySessionId' does not exist on type 'DecorateRouterRecord<{ ctx: { req: Request<ParamsDictionary, any, any, ParsedQs, Record<string, any>>; res: Response<any, Record<string, any>>; }; meta: object; errorShape: DefaultErrorShape; transformer: true; }, DecorateCreateRouterOptions<...>>'. Did you mean 'getEnrollmentBySession'?
src/pages/Home.tsx(21,15): error TS2339: Property 'roleSelected' does not exist on type '{ id: number; name: string; email: string; role: string; }'.
src/pages/RoleSelector.tsx(11,32): error TS2339: Property 'updateRole' does not exist on type 'DecorateRouterRecord<{ ctx: { req: Request<ParamsDictionary, any, any, ParsedQs, Record<string, any>>; res: Response<any, Record<string, any>>; }; meta: object; errorShape: DefaultErrorShape; transformer: true; }, DecorateCreateRouterOptions<...>>'.
src/pages/RoleSelector.tsx(12,17): error TS7006: Parameter 'data' implicitly has an 'any' type.
src/pages/RoleSelector.tsx(30,15): error TS7006: Parameter 'error' implicitly has an 'any' type.
src/pages/StudentDashboard.tsx(99,54): error TS2367: This comparison appears to be unintentional because the types 'boolean' and 'number' have no overlap.
src/pages/StudentDashboard.tsx(208,35): error TS2339: Property 'easyScore' does not exist on type '{ completed: boolean; correctAnswers: number; easyCompleted: number; mediumCompleted: number; challengingCompleted: number; score: number; lastAttempt: Date; lessonId: number; }'.
src/pages/StudentDashboard.tsx(209,35): error TS2339: Property 'mediumScore' does not exist on type '{ completed: boolean; correctAnswers: number; easyCompleted: number; mediumCompleted: number; challengingCompleted: number; score: number; lastAttempt: Date; lessonId: number; }'.
src/pages/StudentDashboard.tsx(210,35): error TS2339: Property 'challengingScore' does not exist on type '{ completed: boolean; correctAnswers: number; easyCompleted: number; mediumCompleted: number; challengingCompleted: number; score: number; lastAttempt: Date; lessonId: number; }'.
src/pages/StudentDashboard.tsx(214,39): error TS2339: Property 'easyScore' does not exist on type '{ completed: boolean; correctAnswers: number; easyCompleted: number; mediumCompleted: number; challengingCompleted: number; score: number; lastAttempt: Date; lessonId: number; }'.
src/pages/StudentDashboard.tsx(215,39): error TS2339: Property 'mediumScore' does not exist on type '{ completed: boolean; correctAnswers: number; easyCompleted: number; mediumCompleted: number; challengingCompleted: number; score: number; lastAttempt: Date; lessonId: number; }'.
src/pages/StudentDashboard.tsx(216,39): error TS2339: Property 'challengingScore' does not exist on type '{ completed: boolean; correctAnswers: number; easyCompleted: number; mediumCompleted: number; challengingCompleted: number; score: number; lastAttempt: Date; lessonId: number; }'.
src/pages/StudentDashboard.tsx(390,35): error TS2339: Property 'easyScore' does not exist on type '{ completed: boolean; correctAnswers: number; easyCompleted: number; mediumCompleted: number; challengingCompleted: number; score: number; lastAttempt: Date; lessonId: number; }'.
src/pages/StudentDashboard.tsx(391,35): error TS2339: Property 'mediumScore' does not exist on type '{ completed: boolean; correctAnswers: number; easyCompleted: number; mediumCompleted: number; challengingCompleted: number; score: number; lastAttempt: Date; lessonId: number; }'.
src/pages/StudentDashboard.tsx(392,35): error TS2339: Property 'challengingScore' does not exist on type '{ completed: boolean; correctAnswers: number; easyCompleted: number; mediumCompleted: number; challengingCompleted: number; score: number; lastAttempt: Date; lessonId: number; }'.
src/pages/StudentDashboard.tsx(396,39): error TS2339: Property 'easyScore' does not exist on type '{ completed: boolean; correctAnswers: number; easyCompleted: number; mediumCompleted: number; challengingCompleted: number; score: number; lastAttempt: Date; lessonId: number; }'.
src/pages/StudentDashboard.tsx(397,39): error TS2339: Property 'mediumScore' does not exist on type '{ completed: boolean; correctAnswers: number; easyCompleted: number; mediumCompleted: number; challengingCompleted: number; score: number; lastAttempt: Date; lessonId: number; }'.
src/pages/StudentDashboard.tsx(398,39): error TS2339: Property 'challengingScore' does not exist on type '{ completed: boolean; correctAnswers: number; easyCompleted: number; mediumCompleted: number; challengingCompleted: number; score: number; lastAttempt: Date; lessonId: number; }'.
src/pages/StudentDashboard.tsx(430,71): error TS2339: Property 'totalAttempts' does not exist on type '{ completed: boolean; correctAnswers: number; easyCompleted: number; mediumCompleted: number; challengingCompleted: number; score: number; lastAttempt: Date; lessonId: number; }'.
src/pages/StudentDashboard.tsx(512,33): error TS2339: Property 'easyScore' does not exist on type '{ completed: boolean; correctAnswers: number; easyCompleted: number; mediumCompleted: number; challengingCompleted: number; score: number; lastAttempt: Date; lessonId: number; }'.
src/pages/StudentDashboard.tsx(513,33): error TS2339: Property 'mediumScore' does not exist on type '{ completed: boolean; correctAnswers: number; easyCompleted: number; mediumCompleted: number; challengingCompleted: number; score: number; lastAttempt: Date; lessonId: number; }'.
src/pages/StudentDashboard.tsx(514,33): error TS2339: Property 'challengingScore' does not exist on type '{ completed: boolean; correctAnswers: number; easyCompleted: number; mediumCompleted: number; challengingCompleted: number; score: number; lastAttempt: Date; lessonId: number; }'.
src/pages/StudentDashboard.tsx(534,71): error TS2339: Property 'easyScore' does not exist on type '{ completed: boolean; correctAnswers: number; easyCompleted: number; mediumCompleted: number; challengingCompleted: number; score: number; lastAttempt: Date; lessonId: number; }'.
src/pages/StudentDashboard.tsx(538,71): error TS2339: Property 'mediumScore' does not exist on type '{ completed: boolean; correctAnswers: number; easyCompleted: number; mediumCompleted: number; challengingCompleted: number; score: number; lastAttempt: Date; lessonId: number; }'.
src/pages/StudentDashboard.tsx(542,71): error TS2339: Property 'challengingScore' does not exist on type '{ completed: boolean; correctAnswers: number; easyCompleted: number; mediumCompleted: number; challengingCompleted: number; score: number; lastAttempt: Date; lessonId: number; }'.
src/pages/TeacherApplication.tsx(35,38): error TS2339: Property 'applyAsTeacher' does not exist on type 'DecorateRouterRecord<{ ctx: { req: Request<ParamsDictionary, any, any, ParsedQs, Record<string, any>>; res: Response<any, Record<string, any>>; }; meta: object; errorShape: DefaultErrorShape; transformer: true; }, DecorateCreateRouterOptions<...>>'.
src/pages/TeacherApplication.tsx(40,15): error TS7006: Parameter 'error' implicitly has an 'any' type.
src/pages/TeacherAvailability.tsx(43,69): error TS2339: Property 'getMyTeacherProfile' does not exist on type 'DecorateRouterRecord<{ ctx: { req: Request<ParamsDictionary, any, any, ParsedQs, Record<string, any>>; res: Response<any, Record<string, any>>; }; meta: object; errorShape: DefaultErrorShape; transformer: true; }, DecorateCreateRouterOptions<...>>'.
src/pages/TeacherAvailability.tsx(45,18): error TS2339: Property 'getMyAvailability' does not exist on type 'DecorateRouterRecord<{ ctx: { req: Request<ParamsDictionary, any, any, ParsedQs, Record<string, any>>; res: Response<any, Record<string, any>>; }; meta: object; errorShape: DefaultErrorShape; transformer: true; }, DecorateCreateRouterOptions<...>>'.
src/pages/TeacherAvailability.tsx(47,37): error TS2339: Property 'setAvailability' does not exist on type 'DecorateRouterRecord<{ ctx: { req: Request<ParamsDictionary, any, any, ParsedQs, Record<string, any>>; res: Response<any, Record<string, any>>; }; meta: object; errorShape: DefaultErrorShape; transformer: true; }, DecorateCreateRouterOptions<...>>'.
src/pages/TeacherAvailability.tsx(51,15): error TS7006: Parameter 'error' implicitly has an 'any' type.
src/pages/TeacherAvailability.tsx(60,35): error TS7006: Parameter 'slot' implicitly has an 'any' type.
src/pages/TeacherTraining.tsx(599,84): error TS2339: Property 'validateApprovalCode' does not exist on type 'DecorateRouterRecord<{ ctx: { req: Request<ParamsDictionary, any, any, ParsedQs, Record<string, any>>; res: Response<any, Record<string, any>>; }; meta: object; errorShape: DefaultErrorShape; transformer: true; }, DecorateCreateRouterOptions<...>>'.
src/pages/TeacherTraining.tsx(605,53): error TS2339: Property 'getExamAttempts' does not exist on type 'DecorateRouterRecord<{ ctx: { req: Request<ParamsDictionary, any, any, ParsedQs, Record<string, any>>; res: Response<any, Record<string, any>>; }; meta: object; errorShape: DefaultErrorShape; transformer: true; }, DecorateCreateRouterOptions<...>>'.
